---
source: src/oracle/replay.rs
expression: shown
---
quiet from 2633 ms
band: columns 12-107, rows from 5
rules not checked: none

size: 120x30 (primary screen)
cursor: row 18 col 12 (Visible)

scrollback: 0 lines

screen:
  0|$ history 00
  1|$ history 01
  2|$ history 02
  3|$ history 03
  4|$ history 04
  5|            ┌──────────┬────────────┬────────┐
  6|            │ Language │ Greeting   │ Script │
  7|            ├──────────┼────────────┼────────┤
  8|            │ English  │ Hello      │ Latin  │
  9|            │ Japanese │ こんにちは │ Kana   │
 10|            │ Chinese  │ 你好       │ Hanzi  │
 11|            └──────────┴────────────┴────────┘
 12|            日本語 中文 한국어 😀 🚀 👍🏽 👨‍👩‍👧 🇿🇦
 13|            ..............................................................................................界
 14|            ...............................................................................................
 15|            界
 16|            bold dim italic underline inverse strike
 17|            red green bg orange 256 truecolour bold italic underline magenta
 18|
 19|
 20|
 21|
 22|
 23|
 24|
 25|
 26|
 27|
 28|
 29|

hyperlinks: none

attributes:
 16| 12-15 bold; 17-19 dim; 21-26 italic; 28-36 underline; 38-44 inverse
 17| 12-14 fg=1; 16-23 bg=2; 25-34 fg=208; 36-45 fg=#6496c8; 47-75 fg=5 bold italic underline
